WARNING - 2026-02-24 10:28:26 --> [DEPRECATED] Creation of dynamic property App\Models\CartModel::$builderCheckouts is deprecated in APPPATH\Models\CartModel.php on line 15.
 1 APPPATH\Controllers\BaseController.php(147): App\Models\CartModel->__construct()
 2 APPPATH\Controllers\AjaxController.php(20): App\Controllers\BaseController->initController(Object(CodeIgniter\HTTP\IncomingRequest), Object(CodeIgniter\HTTP\Response), Object(CodeIgniter\Log\Logger))
 3 SYSTEMPATH\CodeIgniter.php(904): App\Controllers\AjaxController->initController(Object(CodeIgniter\HTTP\IncomingRequest), Object(CodeIgniter\HTTP\Response), Object(CodeIgniter\Log\Logger))
 4 SYSTEMPATH\CodeIgniter.php(498): CodeIgniter\CodeIgniter->createController()
 5 SYSTEMPATH\CodeIgniter.php(354): CodeIgniter\CodeIgniter->handleRequest(null, Object(Config\Cache), false)
 6 SYSTEMPATH\Boot.php(363): CodeIgniter\CodeIgniter->run()
 7 SYSTEMPATH\Boot.php(68): CodeIgniter\Boot::runCodeIgniter(Object(CodeIgniter\CodeIgniter))
 8 FCPATH\index.php(67): CodeIgniter\Boot::bootWeb(Object(Config\Paths))
WARNING - 2026-02-24 10:28:26 --> [DEPRECATED] Creation of dynamic property App\Models\CartModel::$builderCheckoutItems is deprecated in APPPATH\Models\CartModel.php on line 16.
 1 APPPATH\Controllers\BaseController.php(147): App\Models\CartModel->__construct()
 2 APPPATH\Controllers\AjaxController.php(20): App\Controllers\BaseController->initController(Object(CodeIgniter\HTTP\IncomingRequest), Object(CodeIgniter\HTTP\Response), Object(CodeIgniter\Log\Logger))
 3 SYSTEMPATH\CodeIgniter.php(904): App\Controllers\AjaxController->initController(Object(CodeIgniter\HTTP\IncomingRequest), Object(CodeIgniter\HTTP\Response), Object(CodeIgniter\Log\Logger))
 4 SYSTEMPATH\CodeIgniter.php(498): CodeIgniter\CodeIgniter->createController()
 5 SYSTEMPATH\CodeIgniter.php(354): CodeIgniter\CodeIgniter->handleRequest(null, Object(Config\Cache), false)
 6 SYSTEMPATH\Boot.php(363): CodeIgniter\CodeIgniter->run()
 7 SYSTEMPATH\Boot.php(68): CodeIgniter\Boot::runCodeIgniter(Object(CodeIgniter\CodeIgniter))
 8 FCPATH\index.php(67): CodeIgniter\Boot::bootWeb(Object(Config\Paths))
WARNING - 2026-02-24 10:28:26 --> [DEPRECATED] Creation of dynamic property App\Models\CartModel::$builderPaymentMethods is deprecated in APPPATH\Models\CartModel.php on line 17.
 1 APPPATH\Controllers\BaseController.php(147): App\Models\CartModel->__construct()
 2 APPPATH\Controllers\AjaxController.php(20): App\Controllers\BaseController->initController(Object(CodeIgniter\HTTP\IncomingRequest), Object(CodeIgniter\HTTP\Response), Object(CodeIgniter\Log\Logger))
 3 SYSTEMPATH\CodeIgniter.php(904): App\Controllers\AjaxController->initController(Object(CodeIgniter\HTTP\IncomingRequest), Object(CodeIgniter\HTTP\Response), Object(CodeIgniter\Log\Logger))
 4 SYSTEMPATH\CodeIgniter.php(498): CodeIgniter\CodeIgniter->createController()
 5 SYSTEMPATH\CodeIgniter.php(354): CodeIgniter\CodeIgniter->handleRequest(null, Object(Config\Cache), false)
 6 SYSTEMPATH\Boot.php(363): CodeIgniter\CodeIgniter->run()
 7 SYSTEMPATH\Boot.php(68): CodeIgniter\Boot::runCodeIgniter(Object(CodeIgniter\CodeIgniter))
 8 FCPATH\index.php(67): CodeIgniter\Boot::bootWeb(Object(Config\Paths))
WARNING - 2026-02-24 11:22:02 --> [DEPRECATED] Creation of dynamic property App\Models\CartModel::$builderCheckouts is deprecated in APPPATH\Models\CartModel.php on line 15.
 1 APPPATH\Controllers\BaseController.php(147): App\Models\CartModel->__construct()
 2 APPPATH\Controllers\DashboardController.php(41): App\Controllers\BaseController->initController(Object(CodeIgniter\HTTP\IncomingRequest), Object(CodeIgniter\HTTP\Response), Object(CodeIgniter\Log\Logger))
 3 SYSTEMPATH\CodeIgniter.php(904): App\Controllers\DashboardController->initController(Object(CodeIgniter\HTTP\IncomingRequest), Object(CodeIgniter\HTTP\Response), Object(CodeIgniter\Log\Logger))
 4 SYSTEMPATH\CodeIgniter.php(498): CodeIgniter\CodeIgniter->createController()
 5 SYSTEMPATH\CodeIgniter.php(354): CodeIgniter\CodeIgniter->handleRequest(null, Object(Config\Cache), false)
 6 SYSTEMPATH\Boot.php(363): CodeIgniter\CodeIgniter->run()
 7 SYSTEMPATH\Boot.php(68): CodeIgniter\Boot::runCodeIgniter(Object(CodeIgniter\CodeIgniter))
 8 FCPATH\index.php(67): CodeIgniter\Boot::bootWeb(Object(Config\Paths))
WARNING - 2026-02-24 11:22:02 --> [DEPRECATED] Creation of dynamic property App\Models\CartModel::$builderCheckoutItems is deprecated in APPPATH\Models\CartModel.php on line 16.
 1 APPPATH\Controllers\BaseController.php(147): App\Models\CartModel->__construct()
 2 APPPATH\Controllers\DashboardController.php(41): App\Controllers\BaseController->initController(Object(CodeIgniter\HTTP\IncomingRequest), Object(CodeIgniter\HTTP\Response), Object(CodeIgniter\Log\Logger))
 3 SYSTEMPATH\CodeIgniter.php(904): App\Controllers\DashboardController->initController(Object(CodeIgniter\HTTP\IncomingRequest), Object(CodeIgniter\HTTP\Response), Object(CodeIgniter\Log\Logger))
 4 SYSTEMPATH\CodeIgniter.php(498): CodeIgniter\CodeIgniter->createController()
 5 SYSTEMPATH\CodeIgniter.php(354): CodeIgniter\CodeIgniter->handleRequest(null, Object(Config\Cache), false)
 6 SYSTEMPATH\Boot.php(363): CodeIgniter\CodeIgniter->run()
 7 SYSTEMPATH\Boot.php(68): CodeIgniter\Boot::runCodeIgniter(Object(CodeIgniter\CodeIgniter))
 8 FCPATH\index.php(67): CodeIgniter\Boot::bootWeb(Object(Config\Paths))
WARNING - 2026-02-24 11:22:02 --> [DEPRECATED] Creation of dynamic property App\Models\CartModel::$builderPaymentMethods is deprecated in APPPATH\Models\CartModel.php on line 17.
 1 APPPATH\Controllers\BaseController.php(147): App\Models\CartModel->__construct()
 2 APPPATH\Controllers\DashboardController.php(41): App\Controllers\BaseController->initController(Object(CodeIgniter\HTTP\IncomingRequest), Object(CodeIgniter\HTTP\Response), Object(CodeIgniter\Log\Logger))
 3 SYSTEMPATH\CodeIgniter.php(904): App\Controllers\DashboardController->initController(Object(CodeIgniter\HTTP\IncomingRequest), Object(CodeIgniter\HTTP\Response), Object(CodeIgniter\Log\Logger))
 4 SYSTEMPATH\CodeIgniter.php(498): CodeIgniter\CodeIgniter->createController()
 5 SYSTEMPATH\CodeIgniter.php(354): CodeIgniter\CodeIgniter->handleRequest(null, Object(Config\Cache), false)
 6 SYSTEMPATH\Boot.php(363): CodeIgniter\CodeIgniter->run()
 7 SYSTEMPATH\Boot.php(68): CodeIgniter\Boot::runCodeIgniter(Object(CodeIgniter\CodeIgniter))
 8 FCPATH\index.php(67): CodeIgniter\Boot::bootWeb(Object(Config\Paths))
WARNING - 2026-02-24 11:22:02 --> [DEPRECATED] Creation of dynamic property App\Models\OrderModel::$builderShippingAddress is deprecated in APPPATH\Models\OrderModel.php on line 21.
 1 APPPATH\Controllers\DashboardController.php(54): App\Models\OrderModel->__construct()
 2 SYSTEMPATH\CodeIgniter.php(904): App\Controllers\DashboardController->initController(Object(CodeIgniter\HTTP\IncomingRequest), Object(CodeIgniter\HTTP\Response), Object(CodeIgniter\Log\Logger))
 3 SYSTEMPATH\CodeIgniter.php(498): CodeIgniter\CodeIgniter->createController()
 4 SYSTEMPATH\CodeIgniter.php(354): CodeIgniter\CodeIgniter->handleRequest(null, Object(Config\Cache), false)
 5 SYSTEMPATH\Boot.php(363): CodeIgniter\CodeIgniter->run()
 6 SYSTEMPATH\Boot.php(68): CodeIgniter\Boot::runCodeIgniter(Object(CodeIgniter\CodeIgniter))
 7 FCPATH\index.php(67): CodeIgniter\Boot::bootWeb(Object(Config\Paths))
WARNING - 2026-02-24 11:22:02 --> [DEPRECATED] Creation of dynamic property App\Models\OrderModel::$builderShippingAddress is deprecated in APPPATH\Models\OrderModel.php on line 21.
 1 APPPATH\Helpers\product_helper.php(580): App\Models\OrderModel->__construct()
 2 APPPATH\Views\dashboard\includes\_header.php(171): getSellerActiveRefundRequestCount('1')
 3 SYSTEMPATH\View\View.php(226): include('C:\\xampp\\htdocs\\marketplace\\app\\Views\\dashboard\\includes\\_header.php')
 4 SYSTEMPATH\View\View.php(229): CodeIgniter\View\View->CodeIgniter\View\{closure}()
 5 SYSTEMPATH\Common.php(1203): CodeIgniter\View\View->render('dashboard/includes/_header', [], true)
 6 APPPATH\Controllers\DashboardController.php(1014): view('dashboard/includes/_header', [...])
 7 SYSTEMPATH\CodeIgniter.php(933): App\Controllers\DashboardController->refundRequests()
 8 SYSTEMPATH\CodeIgniter.php(507): CodeIgniter\CodeIgniter->runController(Object(App\Controllers\DashboardController))
 9 SYSTEMPATH\CodeIgniter.php(354): CodeIgniter\CodeIgniter->handleRequest(null, Object(Config\Cache), false)
10 SYSTEMPATH\Boot.php(363): CodeIgniter\CodeIgniter->run()
11 SYSTEMPATH\Boot.php(68): CodeIgniter\Boot::runCodeIgniter(Object(CodeIgniter\CodeIgniter))
12 FCPATH\index.php(67): CodeIgniter\Boot::bootWeb(Object(Config\Paths))
WARNING - 2026-02-24 11:22:02 --> [DEPRECATED] Creation of dynamic property App\Models\CartModel::$builderCheckouts is deprecated in APPPATH\Models\CartModel.php on line 15.
 1 APPPATH\Controllers\BaseController.php(147): App\Models\CartModel->__construct()
 2 APPPATH\Controllers\AjaxController.php(20): App\Controllers\BaseController->initController(Object(CodeIgniter\HTTP\IncomingRequest), Object(CodeIgniter\HTTP\Response), Object(CodeIgniter\Log\Logger))
 3 SYSTEMPATH\CodeIgniter.php(904): App\Controllers\AjaxController->initController(Object(CodeIgniter\HTTP\IncomingRequest), Object(CodeIgniter\HTTP\Response), Object(CodeIgniter\Log\Logger))
 4 SYSTEMPATH\CodeIgniter.php(498): CodeIgniter\CodeIgniter->createController()
 5 SYSTEMPATH\CodeIgniter.php(354): CodeIgniter\CodeIgniter->handleRequest(null, Object(Config\Cache), false)
 6 SYSTEMPATH\Boot.php(363): CodeIgniter\CodeIgniter->run()
 7 SYSTEMPATH\Boot.php(68): CodeIgniter\Boot::runCodeIgniter(Object(CodeIgniter\CodeIgniter))
 8 FCPATH\index.php(67): CodeIgniter\Boot::bootWeb(Object(Config\Paths))
WARNING - 2026-02-24 11:22:02 --> [DEPRECATED] Creation of dynamic property App\Models\CartModel::$builderCheckoutItems is deprecated in APPPATH\Models\CartModel.php on line 16.
 1 APPPATH\Controllers\BaseController.php(147): App\Models\CartModel->__construct()
 2 APPPATH\Controllers\AjaxController.php(20): App\Controllers\BaseController->initController(Object(CodeIgniter\HTTP\IncomingRequest), Object(CodeIgniter\HTTP\Response), Object(CodeIgniter\Log\Logger))
 3 SYSTEMPATH\CodeIgniter.php(904): App\Controllers\AjaxController->initController(Object(CodeIgniter\HTTP\IncomingRequest), Object(CodeIgniter\HTTP\Response), Object(CodeIgniter\Log\Logger))
 4 SYSTEMPATH\CodeIgniter.php(498): CodeIgniter\CodeIgniter->createController()
 5 SYSTEMPATH\CodeIgniter.php(354): CodeIgniter\CodeIgniter->handleRequest(null, Object(Config\Cache), false)
 6 SYSTEMPATH\Boot.php(363): CodeIgniter\CodeIgniter->run()
 7 SYSTEMPATH\Boot.php(68): CodeIgniter\Boot::runCodeIgniter(Object(CodeIgniter\CodeIgniter))
 8 FCPATH\index.php(67): CodeIgniter\Boot::bootWeb(Object(Config\Paths))
WARNING - 2026-02-24 11:22:02 --> [DEPRECATED] Creation of dynamic property App\Models\CartModel::$builderPaymentMethods is deprecated in APPPATH\Models\CartModel.php on line 17.
 1 APPPATH\Controllers\BaseController.php(147): App\Models\CartModel->__construct()
 2 APPPATH\Controllers\AjaxController.php(20): App\Controllers\BaseController->initController(Object(CodeIgniter\HTTP\IncomingRequest), Object(CodeIgniter\HTTP\Response), Object(CodeIgniter\Log\Logger))
 3 SYSTEMPATH\CodeIgniter.php(904): App\Controllers\AjaxController->initController(Object(CodeIgniter\HTTP\IncomingRequest), Object(CodeIgniter\HTTP\Response), Object(CodeIgniter\Log\Logger))
 4 SYSTEMPATH\CodeIgniter.php(498): CodeIgniter\CodeIgniter->createController()
 5 SYSTEMPATH\CodeIgniter.php(354): CodeIgniter\CodeIgniter->handleRequest(null, Object(Config\Cache), false)
 6 SYSTEMPATH\Boot.php(363): CodeIgniter\CodeIgniter->run()
 7 SYSTEMPATH\Boot.php(68): CodeIgniter\Boot::runCodeIgniter(Object(CodeIgniter\CodeIgniter))
 8 FCPATH\index.php(67): CodeIgniter\Boot::bootWeb(Object(Config\Paths))
