WARNING - 2026-02-16 02:46:50 --> [DEPRECATED] Creation of dynamic property App\Models\CartModel::$builderCheckouts is deprecated in APPPATH\Models\CartModel.php on line 15.
 1 APPPATH\Controllers\BaseController.php(147): App\Models\CartModel->__construct()
 2 APPPATH\Controllers\CartController.php(25): App\Controllers\BaseController->initController(Object(CodeIgniter\HTTP\IncomingRequest), Object(CodeIgniter\HTTP\Response), Object(CodeIgniter\Log\Logger))
 3 SYSTEMPATH\CodeIgniter.php(904): App\Controllers\CartController->initController(Object(CodeIgniter\HTTP\IncomingRequest), Object(CodeIgniter\HTTP\Response), Object(CodeIgniter\Log\Logger))
 4 SYSTEMPATH\CodeIgniter.php(498): CodeIgniter\CodeIgniter->createController()
 5 SYSTEMPATH\CodeIgniter.php(354): CodeIgniter\CodeIgniter->handleRequest(null, Object(Config\Cache), false)
 6 SYSTEMPATH\Boot.php(363): CodeIgniter\CodeIgniter->run()
 7 SYSTEMPATH\Boot.php(68): CodeIgniter\Boot::runCodeIgniter(Object(CodeIgniter\CodeIgniter))
 8 FCPATH\index.php(67): CodeIgniter\Boot::bootWeb(Object(Config\Paths))
WARNING - 2026-02-16 02:46:50 --> [DEPRECATED] Creation of dynamic property App\Models\CartModel::$builderCheckoutItems is deprecated in APPPATH\Models\CartModel.php on line 16.
 1 APPPATH\Controllers\BaseController.php(147): App\Models\CartModel->__construct()
 2 APPPATH\Controllers\CartController.php(25): App\Controllers\BaseController->initController(Object(CodeIgniter\HTTP\IncomingRequest), Object(CodeIgniter\HTTP\Response), Object(CodeIgniter\Log\Logger))
 3 SYSTEMPATH\CodeIgniter.php(904): App\Controllers\CartController->initController(Object(CodeIgniter\HTTP\IncomingRequest), Object(CodeIgniter\HTTP\Response), Object(CodeIgniter\Log\Logger))
 4 SYSTEMPATH\CodeIgniter.php(498): CodeIgniter\CodeIgniter->createController()
 5 SYSTEMPATH\CodeIgniter.php(354): CodeIgniter\CodeIgniter->handleRequest(null, Object(Config\Cache), false)
 6 SYSTEMPATH\Boot.php(363): CodeIgniter\CodeIgniter->run()
 7 SYSTEMPATH\Boot.php(68): CodeIgniter\Boot::runCodeIgniter(Object(CodeIgniter\CodeIgniter))
 8 FCPATH\index.php(67): CodeIgniter\Boot::bootWeb(Object(Config\Paths))
WARNING - 2026-02-16 02:46:50 --> [DEPRECATED] Creation of dynamic property App\Models\CartModel::$builderPaymentMethods is deprecated in APPPATH\Models\CartModel.php on line 17.
 1 APPPATH\Controllers\BaseController.php(147): App\Models\CartModel->__construct()
 2 APPPATH\Controllers\CartController.php(25): App\Controllers\BaseController->initController(Object(CodeIgniter\HTTP\IncomingRequest), Object(CodeIgniter\HTTP\Response), Object(CodeIgniter\Log\Logger))
 3 SYSTEMPATH\CodeIgniter.php(904): App\Controllers\CartController->initController(Object(CodeIgniter\HTTP\IncomingRequest), Object(CodeIgniter\HTTP\Response), Object(CodeIgniter\Log\Logger))
 4 SYSTEMPATH\CodeIgniter.php(498): CodeIgniter\CodeIgniter->createController()
 5 SYSTEMPATH\CodeIgniter.php(354): CodeIgniter\CodeIgniter->handleRequest(null, Object(Config\Cache), false)
 6 SYSTEMPATH\Boot.php(363): CodeIgniter\CodeIgniter->run()
 7 SYSTEMPATH\Boot.php(68): CodeIgniter\Boot::runCodeIgniter(Object(CodeIgniter\CodeIgniter))
 8 FCPATH\index.php(67): CodeIgniter\Boot::bootWeb(Object(Config\Paths))
WARNING - 2026-02-16 02:46:50 --> [DEPRECATED] Creation of dynamic property App\Models\CartModel::$builderCheckouts is deprecated in APPPATH\Models\CartModel.php on line 15.
 1 APPPATH\Controllers\CartController.php(26): App\Models\CartModel->__construct()
 2 SYSTEMPATH\CodeIgniter.php(904): App\Controllers\CartController->initController(Object(CodeIgniter\HTTP\IncomingRequest), Object(CodeIgniter\HTTP\Response), Object(CodeIgniter\Log\Logger))
 3 SYSTEMPATH\CodeIgniter.php(498): CodeIgniter\CodeIgniter->createController()
 4 SYSTEMPATH\CodeIgniter.php(354): CodeIgniter\CodeIgniter->handleRequest(null, Object(Config\Cache), false)
 5 SYSTEMPATH\Boot.php(363): CodeIgniter\CodeIgniter->run()
 6 SYSTEMPATH\Boot.php(68): CodeIgniter\Boot::runCodeIgniter(Object(CodeIgniter\CodeIgniter))
 7 FCPATH\index.php(67): CodeIgniter\Boot::bootWeb(Object(Config\Paths))
WARNING - 2026-02-16 02:46:50 --> [DEPRECATED] Creation of dynamic property App\Models\CartModel::$builderCheckoutItems is deprecated in APPPATH\Models\CartModel.php on line 16.
 1 APPPATH\Controllers\CartController.php(26): App\Models\CartModel->__construct()
 2 SYSTEMPATH\CodeIgniter.php(904): App\Controllers\CartController->initController(Object(CodeIgniter\HTTP\IncomingRequest), Object(CodeIgniter\HTTP\Response), Object(CodeIgniter\Log\Logger))
 3 SYSTEMPATH\CodeIgniter.php(498): CodeIgniter\CodeIgniter->createController()
 4 SYSTEMPATH\CodeIgniter.php(354): CodeIgniter\CodeIgniter->handleRequest(null, Object(Config\Cache), false)
 5 SYSTEMPATH\Boot.php(363): CodeIgniter\CodeIgniter->run()
 6 SYSTEMPATH\Boot.php(68): CodeIgniter\Boot::runCodeIgniter(Object(CodeIgniter\CodeIgniter))
 7 FCPATH\index.php(67): CodeIgniter\Boot::bootWeb(Object(Config\Paths))
WARNING - 2026-02-16 02:46:50 --> [DEPRECATED] Creation of dynamic property App\Models\CartModel::$builderPaymentMethods is deprecated in APPPATH\Models\CartModel.php on line 17.
 1 APPPATH\Controllers\CartController.php(26): App\Models\CartModel->__construct()
 2 SYSTEMPATH\CodeIgniter.php(904): App\Controllers\CartController->initController(Object(CodeIgniter\HTTP\IncomingRequest), Object(CodeIgniter\HTTP\Response), Object(CodeIgniter\Log\Logger))
 3 SYSTEMPATH\CodeIgniter.php(498): CodeIgniter\CodeIgniter->createController()
 4 SYSTEMPATH\CodeIgniter.php(354): CodeIgniter\CodeIgniter->handleRequest(null, Object(Config\Cache), false)
 5 SYSTEMPATH\Boot.php(363): CodeIgniter\CodeIgniter->run()
 6 SYSTEMPATH\Boot.php(68): CodeIgniter\Boot::runCodeIgniter(Object(CodeIgniter\CodeIgniter))
 7 FCPATH\index.php(67): CodeIgniter\Boot::bootWeb(Object(Config\Paths))
WARNING - 2026-02-16 02:46:50 --> [DEPRECATED] Creation of dynamic property App\Controllers\CartController::$apiKey is deprecated in APPPATH\Controllers\CartController.php on line 34.
 1 SYSTEMPATH\CodeIgniter.php(904): App\Controllers\CartController->initController(Object(CodeIgniter\HTTP\IncomingRequest), Object(CodeIgniter\HTTP\Response), Object(CodeIgniter\Log\Logger))
 2 SYSTEMPATH\CodeIgniter.php(498): CodeIgniter\CodeIgniter->createController()
 3 SYSTEMPATH\CodeIgniter.php(354): CodeIgniter\CodeIgniter->handleRequest(null, Object(Config\Cache), false)
 4 SYSTEMPATH\Boot.php(363): CodeIgniter\CodeIgniter->run()
 5 SYSTEMPATH\Boot.php(68): CodeIgniter\Boot::runCodeIgniter(Object(CodeIgniter\CodeIgniter))
 6 FCPATH\index.php(67): CodeIgniter\Boot::bootWeb(Object(Config\Paths))
WARNING - 2026-02-16 02:46:51 --> [DEPRECATED] Creation of dynamic property App\Models\CartModel::$builderCheckouts is deprecated in APPPATH\Models\CartModel.php on line 15.
 1 APPPATH\Controllers\BaseController.php(147): App\Models\CartModel->__construct()
 2 APPPATH\Controllers\AjaxController.php(20): App\Controllers\BaseController->initController(Object(CodeIgniter\HTTP\IncomingRequest), Object(CodeIgniter\HTTP\Response), Object(CodeIgniter\Log\Logger))
 3 SYSTEMPATH\CodeIgniter.php(904): App\Controllers\AjaxController->initController(Object(CodeIgniter\HTTP\IncomingRequest), Object(CodeIgniter\HTTP\Response), Object(CodeIgniter\Log\Logger))
 4 SYSTEMPATH\CodeIgniter.php(498): CodeIgniter\CodeIgniter->createController()
 5 SYSTEMPATH\CodeIgniter.php(354): CodeIgniter\CodeIgniter->handleRequest(null, Object(Config\Cache), false)
 6 SYSTEMPATH\Boot.php(363): CodeIgniter\CodeIgniter->run()
 7 SYSTEMPATH\Boot.php(68): CodeIgniter\Boot::runCodeIgniter(Object(CodeIgniter\CodeIgniter))
 8 FCPATH\index.php(67): CodeIgniter\Boot::bootWeb(Object(Config\Paths))
WARNING - 2026-02-16 02:46:51 --> [DEPRECATED] Creation of dynamic property App\Models\CartModel::$builderCheckoutItems is deprecated in APPPATH\Models\CartModel.php on line 16.
 1 APPPATH\Controllers\BaseController.php(147): App\Models\CartModel->__construct()
 2 APPPATH\Controllers\AjaxController.php(20): App\Controllers\BaseController->initController(Object(CodeIgniter\HTTP\IncomingRequest), Object(CodeIgniter\HTTP\Response), Object(CodeIgniter\Log\Logger))
 3 SYSTEMPATH\CodeIgniter.php(904): App\Controllers\AjaxController->initController(Object(CodeIgniter\HTTP\IncomingRequest), Object(CodeIgniter\HTTP\Response), Object(CodeIgniter\Log\Logger))
 4 SYSTEMPATH\CodeIgniter.php(498): CodeIgniter\CodeIgniter->createController()
 5 SYSTEMPATH\CodeIgniter.php(354): CodeIgniter\CodeIgniter->handleRequest(null, Object(Config\Cache), false)
 6 SYSTEMPATH\Boot.php(363): CodeIgniter\CodeIgniter->run()
 7 SYSTEMPATH\Boot.php(68): CodeIgniter\Boot::runCodeIgniter(Object(CodeIgniter\CodeIgniter))
 8 FCPATH\index.php(67): CodeIgniter\Boot::bootWeb(Object(Config\Paths))
WARNING - 2026-02-16 02:46:51 --> [DEPRECATED] Creation of dynamic property App\Models\CartModel::$builderPaymentMethods is deprecated in APPPATH\Models\CartModel.php on line 17.
 1 APPPATH\Controllers\BaseController.php(147): App\Models\CartModel->__construct()
 2 APPPATH\Controllers\AjaxController.php(20): App\Controllers\BaseController->initController(Object(CodeIgniter\HTTP\IncomingRequest), Object(CodeIgniter\HTTP\Response), Object(CodeIgniter\Log\Logger))
 3 SYSTEMPATH\CodeIgniter.php(904): App\Controllers\AjaxController->initController(Object(CodeIgniter\HTTP\IncomingRequest), Object(CodeIgniter\HTTP\Response), Object(CodeIgniter\Log\Logger))
 4 SYSTEMPATH\CodeIgniter.php(498): CodeIgniter\CodeIgniter->createController()
 5 SYSTEMPATH\CodeIgniter.php(354): CodeIgniter\CodeIgniter->handleRequest(null, Object(Config\Cache), false)
 6 SYSTEMPATH\Boot.php(363): CodeIgniter\CodeIgniter->run()
 7 SYSTEMPATH\Boot.php(68): CodeIgniter\Boot::runCodeIgniter(Object(CodeIgniter\CodeIgniter))
 8 FCPATH\index.php(67): CodeIgniter\Boot::bootWeb(Object(Config\Paths))
WARNING - 2026-02-16 02:46:53 --> [DEPRECATED] Creation of dynamic property App\Models\CartModel::$builderCheckouts is deprecated in APPPATH\Models\CartModel.php on line 15.
 1 APPPATH\Controllers\BaseController.php(147): App\Models\CartModel->__construct()
 2 APPPATH\Controllers\CartController.php(25): App\Controllers\BaseController->initController(Object(CodeIgniter\HTTP\IncomingRequest), Object(CodeIgniter\HTTP\Response), Object(CodeIgniter\Log\Logger))
 3 SYSTEMPATH\CodeIgniter.php(904): App\Controllers\CartController->initController(Object(CodeIgniter\HTTP\IncomingRequest), Object(CodeIgniter\HTTP\Response), Object(CodeIgniter\Log\Logger))
 4 SYSTEMPATH\CodeIgniter.php(498): CodeIgniter\CodeIgniter->createController()
 5 SYSTEMPATH\CodeIgniter.php(354): CodeIgniter\CodeIgniter->handleRequest(null, Object(Config\Cache), false)
 6 SYSTEMPATH\Boot.php(363): CodeIgniter\CodeIgniter->run()
 7 SYSTEMPATH\Boot.php(68): CodeIgniter\Boot::runCodeIgniter(Object(CodeIgniter\CodeIgniter))
 8 FCPATH\index.php(67): CodeIgniter\Boot::bootWeb(Object(Config\Paths))
WARNING - 2026-02-16 02:46:53 --> [DEPRECATED] Creation of dynamic property App\Models\CartModel::$builderCheckoutItems is deprecated in APPPATH\Models\CartModel.php on line 16.
 1 APPPATH\Controllers\BaseController.php(147): App\Models\CartModel->__construct()
 2 APPPATH\Controllers\CartController.php(25): App\Controllers\BaseController->initController(Object(CodeIgniter\HTTP\IncomingRequest), Object(CodeIgniter\HTTP\Response), Object(CodeIgniter\Log\Logger))
 3 SYSTEMPATH\CodeIgniter.php(904): App\Controllers\CartController->initController(Object(CodeIgniter\HTTP\IncomingRequest), Object(CodeIgniter\HTTP\Response), Object(CodeIgniter\Log\Logger))
 4 SYSTEMPATH\CodeIgniter.php(498): CodeIgniter\CodeIgniter->createController()
 5 SYSTEMPATH\CodeIgniter.php(354): CodeIgniter\CodeIgniter->handleRequest(null, Object(Config\Cache), false)
 6 SYSTEMPATH\Boot.php(363): CodeIgniter\CodeIgniter->run()
 7 SYSTEMPATH\Boot.php(68): CodeIgniter\Boot::runCodeIgniter(Object(CodeIgniter\CodeIgniter))
 8 FCPATH\index.php(67): CodeIgniter\Boot::bootWeb(Object(Config\Paths))
WARNING - 2026-02-16 02:46:53 --> [DEPRECATED] Creation of dynamic property App\Models\CartModel::$builderPaymentMethods is deprecated in APPPATH\Models\CartModel.php on line 17.
 1 APPPATH\Controllers\BaseController.php(147): App\Models\CartModel->__construct()
 2 APPPATH\Controllers\CartController.php(25): App\Controllers\BaseController->initController(Object(CodeIgniter\HTTP\IncomingRequest), Object(CodeIgniter\HTTP\Response), Object(CodeIgniter\Log\Logger))
 3 SYSTEMPATH\CodeIgniter.php(904): App\Controllers\CartController->initController(Object(CodeIgniter\HTTP\IncomingRequest), Object(CodeIgniter\HTTP\Response), Object(CodeIgniter\Log\Logger))
 4 SYSTEMPATH\CodeIgniter.php(498): CodeIgniter\CodeIgniter->createController()
 5 SYSTEMPATH\CodeIgniter.php(354): CodeIgniter\CodeIgniter->handleRequest(null, Object(Config\Cache), false)
 6 SYSTEMPATH\Boot.php(363): CodeIgniter\CodeIgniter->run()
 7 SYSTEMPATH\Boot.php(68): CodeIgniter\Boot::runCodeIgniter(Object(CodeIgniter\CodeIgniter))
 8 FCPATH\index.php(67): CodeIgniter\Boot::bootWeb(Object(Config\Paths))
WARNING - 2026-02-16 02:46:53 --> [DEPRECATED] Creation of dynamic property App\Models\CartModel::$builderCheckouts is deprecated in APPPATH\Models\CartModel.php on line 15.
 1 APPPATH\Controllers\CartController.php(26): App\Models\CartModel->__construct()
 2 SYSTEMPATH\CodeIgniter.php(904): App\Controllers\CartController->initController(Object(CodeIgniter\HTTP\IncomingRequest), Object(CodeIgniter\HTTP\Response), Object(CodeIgniter\Log\Logger))
 3 SYSTEMPATH\CodeIgniter.php(498): CodeIgniter\CodeIgniter->createController()
 4 SYSTEMPATH\CodeIgniter.php(354): CodeIgniter\CodeIgniter->handleRequest(null, Object(Config\Cache), false)
 5 SYSTEMPATH\Boot.php(363): CodeIgniter\CodeIgniter->run()
 6 SYSTEMPATH\Boot.php(68): CodeIgniter\Boot::runCodeIgniter(Object(CodeIgniter\CodeIgniter))
 7 FCPATH\index.php(67): CodeIgniter\Boot::bootWeb(Object(Config\Paths))
WARNING - 2026-02-16 02:46:53 --> [DEPRECATED] Creation of dynamic property App\Models\CartModel::$builderCheckoutItems is deprecated in APPPATH\Models\CartModel.php on line 16.
 1 APPPATH\Controllers\CartController.php(26): App\Models\CartModel->__construct()
 2 SYSTEMPATH\CodeIgniter.php(904): App\Controllers\CartController->initController(Object(CodeIgniter\HTTP\IncomingRequest), Object(CodeIgniter\HTTP\Response), Object(CodeIgniter\Log\Logger))
 3 SYSTEMPATH\CodeIgniter.php(498): CodeIgniter\CodeIgniter->createController()
 4 SYSTEMPATH\CodeIgniter.php(354): CodeIgniter\CodeIgniter->handleRequest(null, Object(Config\Cache), false)
 5 SYSTEMPATH\Boot.php(363): CodeIgniter\CodeIgniter->run()
 6 SYSTEMPATH\Boot.php(68): CodeIgniter\Boot::runCodeIgniter(Object(CodeIgniter\CodeIgniter))
 7 FCPATH\index.php(67): CodeIgniter\Boot::bootWeb(Object(Config\Paths))
WARNING - 2026-02-16 02:46:53 --> [DEPRECATED] Creation of dynamic property App\Models\CartModel::$builderPaymentMethods is deprecated in APPPATH\Models\CartModel.php on line 17.
 1 APPPATH\Controllers\CartController.php(26): App\Models\CartModel->__construct()
 2 SYSTEMPATH\CodeIgniter.php(904): App\Controllers\CartController->initController(Object(CodeIgniter\HTTP\IncomingRequest), Object(CodeIgniter\HTTP\Response), Object(CodeIgniter\Log\Logger))
 3 SYSTEMPATH\CodeIgniter.php(498): CodeIgniter\CodeIgniter->createController()
 4 SYSTEMPATH\CodeIgniter.php(354): CodeIgniter\CodeIgniter->handleRequest(null, Object(Config\Cache), false)
 5 SYSTEMPATH\Boot.php(363): CodeIgniter\CodeIgniter->run()
 6 SYSTEMPATH\Boot.php(68): CodeIgniter\Boot::runCodeIgniter(Object(CodeIgniter\CodeIgniter))
 7 FCPATH\index.php(67): CodeIgniter\Boot::bootWeb(Object(Config\Paths))
WARNING - 2026-02-16 02:46:53 --> [DEPRECATED] Creation of dynamic property App\Controllers\CartController::$apiKey is deprecated in APPPATH\Controllers\CartController.php on line 34.
 1 SYSTEMPATH\CodeIgniter.php(904): App\Controllers\CartController->initController(Object(CodeIgniter\HTTP\IncomingRequest), Object(CodeIgniter\HTTP\Response), Object(CodeIgniter\Log\Logger))
 2 SYSTEMPATH\CodeIgniter.php(498): CodeIgniter\CodeIgniter->createController()
 3 SYSTEMPATH\CodeIgniter.php(354): CodeIgniter\CodeIgniter->handleRequest(null, Object(Config\Cache), false)
 4 SYSTEMPATH\Boot.php(363): CodeIgniter\CodeIgniter->run()
 5 SYSTEMPATH\Boot.php(68): CodeIgniter\Boot::runCodeIgniter(Object(CodeIgniter\CodeIgniter))
 6 FCPATH\index.php(67): CodeIgniter\Boot::bootWeb(Object(Config\Paths))
WARNING - 2026-02-16 02:46:53 --> [DEPRECATED] Creation of dynamic property App\Services\OngkirService::$baseUrl is deprecated in APPPATH\Services\OngkirService.php on line 11.
 1 APPPATH\Controllers\CartController.php(186): App\Services\OngkirService->__construct()
 2 SYSTEMPATH\CodeIgniter.php(933): App\Controllers\CartController->shipping()
 3 SYSTEMPATH\CodeIgniter.php(507): CodeIgniter\CodeIgniter->runController(Object(App\Controllers\CartController))
 4 SYSTEMPATH\CodeIgniter.php(354): CodeIgniter\CodeIgniter->handleRequest(null, Object(Config\Cache), false)
 5 SYSTEMPATH\Boot.php(363): CodeIgniter\CodeIgniter->run()
 6 SYSTEMPATH\Boot.php(68): CodeIgniter\Boot::runCodeIgniter(Object(CodeIgniter\CodeIgniter))
 7 FCPATH\index.php(67): CodeIgniter\Boot::bootWeb(Object(Config\Paths))
WARNING - 2026-02-16 02:46:53 --> [DEPRECATED] Creation of dynamic property App\Services\OngkirService::$CALCULATE_DELIVERY_COST is deprecated in APPPATH\Services\OngkirService.php on line 12.
 1 APPPATH\Controllers\CartController.php(186): App\Services\OngkirService->__construct()
 2 SYSTEMPATH\CodeIgniter.php(933): App\Controllers\CartController->shipping()
 3 SYSTEMPATH\CodeIgniter.php(507): CodeIgniter\CodeIgniter->runController(Object(App\Controllers\CartController))
 4 SYSTEMPATH\CodeIgniter.php(354): CodeIgniter\CodeIgniter->handleRequest(null, Object(Config\Cache), false)
 5 SYSTEMPATH\Boot.php(363): CodeIgniter\CodeIgniter->run()
 6 SYSTEMPATH\Boot.php(68): CodeIgniter\Boot::runCodeIgniter(Object(CodeIgniter\CodeIgniter))
 7 FCPATH\index.php(67): CodeIgniter\Boot::bootWeb(Object(Config\Paths))
WARNING - 2026-02-16 02:46:53 --> [DEPRECATED] Creation of dynamic property App\Services\OngkirService::$apiKey is deprecated in APPPATH\Services\OngkirService.php on line 13.
 1 APPPATH\Controllers\CartController.php(186): App\Services\OngkirService->__construct()
 2 SYSTEMPATH\CodeIgniter.php(933): App\Controllers\CartController->shipping()
 3 SYSTEMPATH\CodeIgniter.php(507): CodeIgniter\CodeIgniter->runController(Object(App\Controllers\CartController))
 4 SYSTEMPATH\CodeIgniter.php(354): CodeIgniter\CodeIgniter->handleRequest(null, Object(Config\Cache), false)
 5 SYSTEMPATH\Boot.php(363): CodeIgniter\CodeIgniter->run()
 6 SYSTEMPATH\Boot.php(68): CodeIgniter\Boot::runCodeIgniter(Object(CodeIgniter\CodeIgniter))
 7 FCPATH\index.php(67): CodeIgniter\Boot::bootWeb(Object(Config\Paths))
WARNING - 2026-02-16 02:46:53 --> [DEPRECATED] Creation of dynamic property App\Services\OngkirService::$listCourier is deprecated in APPPATH\Services\OngkirService.php on line 14.
 1 APPPATH\Controllers\CartController.php(186): App\Services\OngkirService->__construct()
 2 SYSTEMPATH\CodeIgniter.php(933): App\Controllers\CartController->shipping()
 3 SYSTEMPATH\CodeIgniter.php(507): CodeIgniter\CodeIgniter->runController(Object(App\Controllers\CartController))
 4 SYSTEMPATH\CodeIgniter.php(354): CodeIgniter\CodeIgniter->handleRequest(null, Object(Config\Cache), false)
 5 SYSTEMPATH\Boot.php(363): CodeIgniter\CodeIgniter->run()
 6 SYSTEMPATH\Boot.php(68): CodeIgniter\Boot::runCodeIgniter(Object(CodeIgniter\CodeIgniter))
 7 FCPATH\index.php(67): CodeIgniter\Boot::bootWeb(Object(Config\Paths))
WARNING - 2026-02-16 02:46:53 --> [DEPRECATED] Creation of dynamic property App\Models\CartModel::$builderCheckouts is deprecated in APPPATH\Models\CartModel.php on line 15.
 1 APPPATH\Controllers\BaseController.php(147): App\Models\CartModel->__construct()
 2 APPPATH\Controllers\AjaxController.php(20): App\Controllers\BaseController->initController(Object(CodeIgniter\HTTP\IncomingRequest), Object(CodeIgniter\HTTP\Response), Object(CodeIgniter\Log\Logger))
 3 SYSTEMPATH\CodeIgniter.php(904): App\Controllers\AjaxController->initController(Object(CodeIgniter\HTTP\IncomingRequest), Object(CodeIgniter\HTTP\Response), Object(CodeIgniter\Log\Logger))
 4 SYSTEMPATH\CodeIgniter.php(498): CodeIgniter\CodeIgniter->createController()
 5 SYSTEMPATH\CodeIgniter.php(354): CodeIgniter\CodeIgniter->handleRequest(null, Object(Config\Cache), false)
 6 SYSTEMPATH\Boot.php(363): CodeIgniter\CodeIgniter->run()
 7 SYSTEMPATH\Boot.php(68): CodeIgniter\Boot::runCodeIgniter(Object(CodeIgniter\CodeIgniter))
 8 FCPATH\index.php(67): CodeIgniter\Boot::bootWeb(Object(Config\Paths))
WARNING - 2026-02-16 02:46:53 --> [DEPRECATED] Creation of dynamic property App\Models\CartModel::$builderCheckoutItems is deprecated in APPPATH\Models\CartModel.php on line 16.
 1 APPPATH\Controllers\BaseController.php(147): App\Models\CartModel->__construct()
 2 APPPATH\Controllers\AjaxController.php(20): App\Controllers\BaseController->initController(Object(CodeIgniter\HTTP\IncomingRequest), Object(CodeIgniter\HTTP\Response), Object(CodeIgniter\Log\Logger))
 3 SYSTEMPATH\CodeIgniter.php(904): App\Controllers\AjaxController->initController(Object(CodeIgniter\HTTP\IncomingRequest), Object(CodeIgniter\HTTP\Response), Object(CodeIgniter\Log\Logger))
 4 SYSTEMPATH\CodeIgniter.php(498): CodeIgniter\CodeIgniter->createController()
 5 SYSTEMPATH\CodeIgniter.php(354): CodeIgniter\CodeIgniter->handleRequest(null, Object(Config\Cache), false)
 6 SYSTEMPATH\Boot.php(363): CodeIgniter\CodeIgniter->run()
 7 SYSTEMPATH\Boot.php(68): CodeIgniter\Boot::runCodeIgniter(Object(CodeIgniter\CodeIgniter))
 8 FCPATH\index.php(67): CodeIgniter\Boot::bootWeb(Object(Config\Paths))
WARNING - 2026-02-16 02:46:53 --> [DEPRECATED] Creation of dynamic property App\Models\CartModel::$builderPaymentMethods is deprecated in APPPATH\Models\CartModel.php on line 17.
 1 APPPATH\Controllers\BaseController.php(147): App\Models\CartModel->__construct()
 2 APPPATH\Controllers\AjaxController.php(20): App\Controllers\BaseController->initController(Object(CodeIgniter\HTTP\IncomingRequest), Object(CodeIgniter\HTTP\Response), Object(CodeIgniter\Log\Logger))
 3 SYSTEMPATH\CodeIgniter.php(904): App\Controllers\AjaxController->initController(Object(CodeIgniter\HTTP\IncomingRequest), Object(CodeIgniter\HTTP\Response), Object(CodeIgniter\Log\Logger))
 4 SYSTEMPATH\CodeIgniter.php(498): CodeIgniter\CodeIgniter->createController()
 5 SYSTEMPATH\CodeIgniter.php(354): CodeIgniter\CodeIgniter->handleRequest(null, Object(Config\Cache), false)
 6 SYSTEMPATH\Boot.php(363): CodeIgniter\CodeIgniter->run()
 7 SYSTEMPATH\Boot.php(68): CodeIgniter\Boot::runCodeIgniter(Object(CodeIgniter\CodeIgniter))
 8 FCPATH\index.php(67): CodeIgniter\Boot::bootWeb(Object(Config\Paths))
WARNING - 2026-02-16 02:46:55 --> [DEPRECATED] Creation of dynamic property App\Models\CartModel::$builderCheckouts is deprecated in APPPATH\Models\CartModel.php on line 15.
 1 APPPATH\Controllers\BaseController.php(147): App\Models\CartModel->__construct()
 2 APPPATH\Controllers\CartController.php(25): App\Controllers\BaseController->initController(Object(CodeIgniter\HTTP\IncomingRequest), Object(CodeIgniter\HTTP\Response), Object(CodeIgniter\Log\Logger))
 3 SYSTEMPATH\CodeIgniter.php(904): App\Controllers\CartController->initController(Object(CodeIgniter\HTTP\IncomingRequest), Object(CodeIgniter\HTTP\Response), Object(CodeIgniter\Log\Logger))
 4 SYSTEMPATH\CodeIgniter.php(498): CodeIgniter\CodeIgniter->createController()
 5 SYSTEMPATH\CodeIgniter.php(354): CodeIgniter\CodeIgniter->handleRequest(null, Object(Config\Cache), false)
 6 SYSTEMPATH\Boot.php(363): CodeIgniter\CodeIgniter->run()
 7 SYSTEMPATH\Boot.php(68): CodeIgniter\Boot::runCodeIgniter(Object(CodeIgniter\CodeIgniter))
 8 FCPATH\index.php(67): CodeIgniter\Boot::bootWeb(Object(Config\Paths))
WARNING - 2026-02-16 02:46:55 --> [DEPRECATED] Creation of dynamic property App\Models\CartModel::$builderCheckoutItems is deprecated in APPPATH\Models\CartModel.php on line 16.
 1 APPPATH\Controllers\BaseController.php(147): App\Models\CartModel->__construct()
 2 APPPATH\Controllers\CartController.php(25): App\Controllers\BaseController->initController(Object(CodeIgniter\HTTP\IncomingRequest), Object(CodeIgniter\HTTP\Response), Object(CodeIgniter\Log\Logger))
 3 SYSTEMPATH\CodeIgniter.php(904): App\Controllers\CartController->initController(Object(CodeIgniter\HTTP\IncomingRequest), Object(CodeIgniter\HTTP\Response), Object(CodeIgniter\Log\Logger))
 4 SYSTEMPATH\CodeIgniter.php(498): CodeIgniter\CodeIgniter->createController()
 5 SYSTEMPATH\CodeIgniter.php(354): CodeIgniter\CodeIgniter->handleRequest(null, Object(Config\Cache), false)
 6 SYSTEMPATH\Boot.php(363): CodeIgniter\CodeIgniter->run()
 7 SYSTEMPATH\Boot.php(68): CodeIgniter\Boot::runCodeIgniter(Object(CodeIgniter\CodeIgniter))
 8 FCPATH\index.php(67): CodeIgniter\Boot::bootWeb(Object(Config\Paths))
WARNING - 2026-02-16 02:46:55 --> [DEPRECATED] Creation of dynamic property App\Models\CartModel::$builderPaymentMethods is deprecated in APPPATH\Models\CartModel.php on line 17.
 1 APPPATH\Controllers\BaseController.php(147): App\Models\CartModel->__construct()
 2 APPPATH\Controllers\CartController.php(25): App\Controllers\BaseController->initController(Object(CodeIgniter\HTTP\IncomingRequest), Object(CodeIgniter\HTTP\Response), Object(CodeIgniter\Log\Logger))
 3 SYSTEMPATH\CodeIgniter.php(904): App\Controllers\CartController->initController(Object(CodeIgniter\HTTP\IncomingRequest), Object(CodeIgniter\HTTP\Response), Object(CodeIgniter\Log\Logger))
 4 SYSTEMPATH\CodeIgniter.php(498): CodeIgniter\CodeIgniter->createController()
 5 SYSTEMPATH\CodeIgniter.php(354): CodeIgniter\CodeIgniter->handleRequest(null, Object(Config\Cache), false)
 6 SYSTEMPATH\Boot.php(363): CodeIgniter\CodeIgniter->run()
 7 SYSTEMPATH\Boot.php(68): CodeIgniter\Boot::runCodeIgniter(Object(CodeIgniter\CodeIgniter))
 8 FCPATH\index.php(67): CodeIgniter\Boot::bootWeb(Object(Config\Paths))
WARNING - 2026-02-16 02:46:55 --> [DEPRECATED] Creation of dynamic property App\Models\CartModel::$builderCheckouts is deprecated in APPPATH\Models\CartModel.php on line 15.
 1 APPPATH\Controllers\CartController.php(26): App\Models\CartModel->__construct()
 2 SYSTEMPATH\CodeIgniter.php(904): App\Controllers\CartController->initController(Object(CodeIgniter\HTTP\IncomingRequest), Object(CodeIgniter\HTTP\Response), Object(CodeIgniter\Log\Logger))
 3 SYSTEMPATH\CodeIgniter.php(498): CodeIgniter\CodeIgniter->createController()
 4 SYSTEMPATH\CodeIgniter.php(354): CodeIgniter\CodeIgniter->handleRequest(null, Object(Config\Cache), false)
 5 SYSTEMPATH\Boot.php(363): CodeIgniter\CodeIgniter->run()
 6 SYSTEMPATH\Boot.php(68): CodeIgniter\Boot::runCodeIgniter(Object(CodeIgniter\CodeIgniter))
 7 FCPATH\index.php(67): CodeIgniter\Boot::bootWeb(Object(Config\Paths))
WARNING - 2026-02-16 02:46:55 --> [DEPRECATED] Creation of dynamic property App\Models\CartModel::$builderCheckoutItems is deprecated in APPPATH\Models\CartModel.php on line 16.
 1 APPPATH\Controllers\CartController.php(26): App\Models\CartModel->__construct()
 2 SYSTEMPATH\CodeIgniter.php(904): App\Controllers\CartController->initController(Object(CodeIgniter\HTTP\IncomingRequest), Object(CodeIgniter\HTTP\Response), Object(CodeIgniter\Log\Logger))
 3 SYSTEMPATH\CodeIgniter.php(498): CodeIgniter\CodeIgniter->createController()
 4 SYSTEMPATH\CodeIgniter.php(354): CodeIgniter\CodeIgniter->handleRequest(null, Object(Config\Cache), false)
 5 SYSTEMPATH\Boot.php(363): CodeIgniter\CodeIgniter->run()
 6 SYSTEMPATH\Boot.php(68): CodeIgniter\Boot::runCodeIgniter(Object(CodeIgniter\CodeIgniter))
 7 FCPATH\index.php(67): CodeIgniter\Boot::bootWeb(Object(Config\Paths))
WARNING - 2026-02-16 02:46:55 --> [DEPRECATED] Creation of dynamic property App\Models\CartModel::$builderPaymentMethods is deprecated in APPPATH\Models\CartModel.php on line 17.
 1 APPPATH\Controllers\CartController.php(26): App\Models\CartModel->__construct()
 2 SYSTEMPATH\CodeIgniter.php(904): App\Controllers\CartController->initController(Object(CodeIgniter\HTTP\IncomingRequest), Object(CodeIgniter\HTTP\Response), Object(CodeIgniter\Log\Logger))
 3 SYSTEMPATH\CodeIgniter.php(498): CodeIgniter\CodeIgniter->createController()
 4 SYSTEMPATH\CodeIgniter.php(354): CodeIgniter\CodeIgniter->handleRequest(null, Object(Config\Cache), false)
 5 SYSTEMPATH\Boot.php(363): CodeIgniter\CodeIgniter->run()
 6 SYSTEMPATH\Boot.php(68): CodeIgniter\Boot::runCodeIgniter(Object(CodeIgniter\CodeIgniter))
 7 FCPATH\index.php(67): CodeIgniter\Boot::bootWeb(Object(Config\Paths))
WARNING - 2026-02-16 02:46:55 --> [DEPRECATED] Creation of dynamic property App\Controllers\CartController::$apiKey is deprecated in APPPATH\Controllers\CartController.php on line 34.
 1 SYSTEMPATH\CodeIgniter.php(904): App\Controllers\CartController->initController(Object(CodeIgniter\HTTP\IncomingRequest), Object(CodeIgniter\HTTP\Response), Object(CodeIgniter\Log\Logger))
 2 SYSTEMPATH\CodeIgniter.php(498): CodeIgniter\CodeIgniter->createController()
 3 SYSTEMPATH\CodeIgniter.php(354): CodeIgniter\CodeIgniter->handleRequest(null, Object(Config\Cache), false)
 4 SYSTEMPATH\Boot.php(363): CodeIgniter\CodeIgniter->run()
 5 SYSTEMPATH\Boot.php(68): CodeIgniter\Boot::runCodeIgniter(Object(CodeIgniter\CodeIgniter))
 6 FCPATH\index.php(67): CodeIgniter\Boot::bootWeb(Object(Config\Paths))
